2023-01-12 11:35:32	{"type":null,"location":null,"code":null,"http_code":500,"message":"Too few arguments to function simplerest\\controllers\\DumbController::inc3(), 0 passed and exactly 1 expected","detail":"[\n    {\n        \"function\": \"exception_handler\",\n        \"class\": \"simplerest\\\\core\\\\controllers\\\\Controller\",\n        \"type\": \"->\",\n        \"args\": [\n            {\n                \"message\": \"Too few arguments to function simplerest\\\\controllers\\\\DumbController::inc3(), 0 passed and exactly 1 expected\",\n                \"prev\": null,\n                \"code\": 0,\n                \"file\": \"D:\\\\www\\\\simplerest\\\\app\\\\controllers\\\\DumbController.php\",\n                \"line\": 359,\n                \"trace\": [\n                    \"#0 [internal function]: simplerest\\\\controllers\\\\DumbController->inc3()\",\n                    \"#1 D:\\\\www\\\\simplerest\\\\app\\\\core\\\\FrontController.php(212): call_user_func_array(Array, Array)\",\n                    \"#2 D:\\\\www\\\\simplerest\\\\public\\\\index.php(15): simplerest\\\\core\\\\FrontController::resolve()\",\n                    \"#3 {main}\"\n                ]\n            }\n        ]\n    }\n]\r\n\r\n"}
